[voldorel.github.io/index.html]
[backblue.gif]
[fade.gif]
[index.html]
[voldorel.github.io/assets/css/main.css]
[voldorel.github.io/assets/css/noscript.css]
[voldorel.github.io/images/MehdiArt.jpg]
[voldorel.github.io/images/Mehdi.jpg]
[voldorel.github.io/images/Gif/mafia.gif]
[voldorel.github.io/images/Gif/Hitrun.gif]
[voldorel.github.io/images/Gif/Heli.gif]
[voldorel.github.io/images/Gif/Design.gif]
[voldorel.github.io/images/Gif/Guns.gif]
[voldorel.github.io/images/Gif/Nav.gif]
[voldorel.github.io/images/Gif/Elevator.gif]
[voldorel.github.io/images/Gif/MRI.gif]
[voldorel.github.io/images/Gif/Hideout.gif]
[voldorel.github.io/images/Art/2d/123.jpg]
[voldorel.github.io/images/Art/2d/124.jpg]
[voldorel.github.io/images/Art/2d/117.jpg]
[voldorel.github.io/images/Art/2d/114.jpg]
[voldorel.github.io/images/Art/2d/116.jpg]
[voldorel.github.io/images/Art/2d/115.jpg]
[voldorel.github.io/images/Art/2d/118.jpg]
[voldorel.github.io/images/Art/2d/120.jpg]
[voldorel.github.io/images/Art/2d/122.jpg]
[voldorel.github.io/images/Art/2d/125.jpg]
[voldorel.github.io/images/Art/2d/126.jpg]
[voldorel.github.io/images/Art/2d/127.jpg]
[voldorel.github.io/images/Art/2d/111.jpg]
[voldorel.github.io/images/Art/2d/112.jpg]
[voldorel.github.io/images/Art/2d/113.jpg]
[voldorel.github.io/images/Art/3d/124.jpg]
[voldorel.github.io/images/Art/3d/123.jpg]
[voldorel.github.io/images/Art/3d/114.png]
[voldorel.github.io/images/Art/3d/119.png]
[voldorel.github.io/images/Art/3d/120.jpg]
[voldorel.github.io/images/Art/3d/121.jpg]
[voldorel.github.io/images/Art/3d/115.png]
[voldorel.github.io/images/Art/3d/118.png]
[voldorel.github.io/images/Art/3d/116.png]
[voldorel.github.io/images/Art/3d/117.png]
[voldorel.github.io/images/Art/3d/111.png]
[voldorel.github.io/images/Art/3d/128.png]
[voldorel.github.io/images/Art/3d/125.png]
[voldorel.github.io/images/Art/3d/126.png]
[voldorel.github.io/images/Art/3d/113.png]
[voldorel.github.io/images/Art/3d/122.png]
[voldorel.github.io/images/Art/3d/112.jpg]
[voldorel.github.io/images/Art/3d/129.png]
[voldorel.github.io/assets/js/jquery.min.js]
[voldorel.github.io/assets/js/browser.min.js]
[voldorel.github.io/assets/js/breakpoints.min.js]
[voldorel.github.io/assets/js/util.js]
[voldorel.github.io/assets/js/main.js]
[voldorel.github.io/index.html]
[voldorel.github.io/assets/css/fontawesome-all.min.css]
[voldorel.github.io/images/overlay.png]
[voldorel.github.io/images/bg.jpg]
[voldorel.github.io/assets/css/main.css]
[voldorel.github.io/assets/css/noscript.css]
[voldorel.github.io/assets/webfonts/fa-brands-400.eot]
[voldorel.github.io/assets/webfonts/fa-brands-400d41d.eot]
[voldorel.github.io/assets/webfonts/fa-brands-400.woff2]
[voldorel.github.io/assets/webfonts/fa-brands-400.woff]
[voldorel.github.io/assets/webfonts/fa-brands-400.ttf]
[voldorel.github.io/assets/webfonts/fa-brands-400.svg]
[voldorel.github.io/assets/webfonts/fa-regular-400.eot]
[voldorel.github.io/assets/webfonts/fa-regular-400d41d.eot]
[voldorel.github.io/assets/webfonts/fa-regular-400.woff2]
[voldorel.github.io/assets/webfonts/fa-regular-400.woff]
[voldorel.github.io/assets/webfonts/fa-regular-400.ttf]
[voldorel.github.io/assets/webfonts/fa-regular-400.svg]
[voldorel.github.io/assets/webfonts/fa-solid-900.eot]
[voldorel.github.io/assets/webfonts/fa-solid-900d41d.eot]
[voldorel.github.io/assets/webfonts/fa-solid-900.woff2]
[voldorel.github.io/assets/webfonts/fa-solid-900.woff]
[voldorel.github.io/assets/webfonts/fa-solid-900.ttf]
[voldorel.github.io/assets/css/fontawesome-all.min.css]
[voldorel.github.io/assets/webfonts/fa-brands-400.svg]
[voldorel.github.io/assets/webfonts/fa-regular-400.svg]
[voldorel.github.io/assets/webfonts/fa-solid-900.svg]
[voldorel.github.io/assets/webfonts/fa-solid-900.svg]
